pipeline: OK snapshot.json=9542B report.md=2013chars
[main 2df5687] auto-refresh snapshot 2026-08-25T21:17Z
 2 files changed, 75 insertions(+), 75 deletions(-)
To https://github.com/TheGhostOfAnawanna/solana-eco-report.git
   577e724..2df5687  HEAD -> main
PUSH_OK 2026-08-25T21:17Z
pipeline: OK snapshot.json=9766B report.md=2263chars
[main 444129f] auto-refresh snapshot 2026-08-25T23:35Z
 3 files changed, 40 insertions(+), 39 deletions(-)
 create mode 100644 data/history/2026-08-25T233515.333369+0000.json
To https://github.com/TheGhostOfAnawanna/solana-eco-report.git
   f580c42..444129f  HEAD -> main
PUSH_OK 2026-08-25T23:35Z
pipeline: OK snapshot.json anomalies=1 snapshots_archived=7
[main 4131bdf] auto-refresh snapshot 2026-08-26T01:02Z
 6 files changed, 266 insertions(+), 74 deletions(-)
 create mode 100644 data/history/2026-08-26T000230.269503+0000.json
 create mode 100644 data/history/2026-08-26T001216.945665+0000.json
 create mode 100644 data/history/2026-08-26T001235.918978+0000.json
 create mode 100644 data/history/2026-08-26T010228.323816+0000.json
To https://github.com/TheGhostOfAnawanna/solana-eco-report.git
   444129f..4131bdf  HEAD -> main
PUSH_OK 2026-08-26T01:02Z
pipeline: OK snapshot.json anomalies=1 snapshots_archived=9
[main f8bf430] auto-refresh snapshot 2026-08-26T03:17Z
 4 files changed, 104 insertions(+), 94 deletions(-)
 create mode 100644 data/history/2026-08-26T030916.801382+0000.json
 create mode 100644 data/history/2026-08-26T031701.398083+0000.json
To https://github.com/TheGhostOfAnawanna/solana-eco-report.git
   54ad08d..f8bf430  HEAD -> main
PUSH_OK 2026-08-26T03:17Z
pipeline: OK snapshot.json anomalies=1 snapshots_archived=14
[main 09ae4a6] auto-refresh snapshot 2026-08-26T09:17Z
 7 files changed, 97 insertions(+), 92 deletions(-)
 create mode 100644 data/history/2026-08-26T031939.294910+0000.json
 create mode 100644 data/history/2026-08-26T032013.486440+0000.json
 create mode 100644 data/history/2026-08-26T032352.485890+0000.json
 create mode 100644 data/history/2026-08-26T033206.583234+0000.json
 create mode 100644 data/history/2026-08-26T091701.748409+0000.json
To https://github.com/TheGhostOfAnawanna/solana-eco-report.git
   3ef0059..09ae4a6  HEAD -> main
PUSH_OK 2026-08-26T09:17Z
pipeline: OK snapshot.json anomalies=1 snapshots_archived=15
[main a52dc86] auto-refresh snapshot 2026-08-26T15:17Z
 3 files changed, 89 insertions(+), 88 deletions(-)
 create mode 100644 data/history/2026-08-26T151701.364551+0000.json
To https://github.com/TheGhostOfAnawanna/solana-eco-report.git
   09ae4a6..a52dc86  HEAD -> main
PUSH_OK 2026-08-26T15:17Z
pipeline: OK snapshot.json anomalies=1 snapshots_archived=16
[main 501dc9c] auto-refresh snapshot 2026-08-26T21:17Z
 3 files changed, 114 insertions(+), 113 deletions(-)
 create mode 100644 data/history/2026-08-26T211701.235902+0000.json
To https://github.com/TheGhostOfAnawanna/solana-eco-report.git
   a52dc86..501dc9c  HEAD -> main
PUSH_OK 2026-08-26T21:17Z
pipeline: OK snapshot.json anomalies=1 snapshots_archived=17
[main cd512ee] auto-refresh snapshot 2026-08-27T03:17Z
 3 files changed, 104 insertions(+), 103 deletions(-)
 create mode 100644 data/history/2026-08-27T031702.033803+0000.json
To https://github.com/TheGhostOfAnawanna/solana-eco-report.git
   501dc9c..cd512ee  HEAD -> main
PUSH_OK 2026-08-27T03:17Z
pipeline: OK snapshot.json anomalies=2 snapshots_archived=18
[main a05c493] auto-refresh snapshot 2026-08-27T09:17Z
 3 files changed, 103 insertions(+), 96 deletions(-)
 create mode 100644 data/history/2026-08-27T091701.958115+0000.json
To https://github.com/TheGhostOfAnawanna/solana-eco-report.git
   cd512ee..a05c493  HEAD -> main
PUSH_OK 2026-08-27T09:17Z
pipeline: OK snapshot.json anomalies=4 snapshots_archived=19
[main baaa8ed] auto-refresh snapshot 2026-08-27T15:17Z
 3 files changed, 109 insertions(+), 96 deletions(-)
 create mode 100644 data/history/2026-08-27T151701.348282+0000.json
To https://github.com/TheGhostOfAnawanna/solana-eco-report.git
   a05c493..baaa8ed  HEAD -> main
PUSH_OK 2026-08-27T15:17Z
pipeline: OK snapshot.json anomalies=4 snapshots_archived=20
[main acd5911] auto-refresh snapshot 2026-08-27T21:17Z
 3 files changed, 115 insertions(+), 114 deletions(-)
 create mode 100644 data/history/2026-08-27T211701.169045+0000.json
To https://github.com/TheGhostOfAnawanna/solana-eco-report.git
   baaa8ed..acd5911  HEAD -> main
PUSH_OK 2026-08-27T21:17Z
pipeline: OK snapshot.json anomalies=2 snapshots_archived=21
[main 99d1455] auto-refresh snapshot 2026-08-28T03:17Z
 3 files changed, 117 insertions(+), 128 deletions(-)
 create mode 100644 data/history/2026-08-28T031701.471705+0000.json
To https://github.com/TheGhostOfAnawanna/solana-eco-report.git
   acd5911..99d1455  HEAD -> main
PUSH_OK 2026-08-28T03:17Z
pipeline: OK snapshot.json anomalies=2 snapshots_archived=22
[main 3e59e5b] auto-refresh snapshot 2026-08-28T09:17Z
 3 files changed, 90 insertions(+), 89 deletions(-)
 create mode 100644 data/history/2026-08-28T091701.313753+0000.json
To https://github.com/TheGhostOfAnawanna/solana-eco-report.git
   99d1455..3e59e5b  HEAD -> main
PUSH_OK 2026-08-28T09:17Z
pipeline: OK snapshot.json anomalies=2 snapshots_archived=23
[main eb0e2ed] auto-refresh snapshot 2026-08-28T15:17Z
 3 files changed, 111 insertions(+), 110 deletions(-)
 create mode 100644 data/history/2026-08-28T151701.913461+0000.json
To https://github.com/TheGhostOfAnawanna/solana-eco-report.git
   3e59e5b..eb0e2ed  HEAD -> main
PUSH_OK 2026-08-28T15:17Z
pipeline: OK snapshot.json anomalies=2 snapshots_archived=24
[main d5122e5] auto-refresh snapshot 2026-08-28T21:17Z
 3 files changed, 135 insertions(+), 134 deletions(-)
 create mode 100644 data/history/2026-08-28T211701.750775+0000.json
To https://github.com/TheGhostOfAnawanna/solana-eco-report.git
   eb0e2ed..d5122e5  HEAD -> main
PUSH_OK 2026-08-28T21:17Z
pipeline: OK snapshot.json anomalies=2 snapshots_archived=25
[main ebb894a] auto-refresh snapshot 2026-08-29T03:17Z
 3 files changed, 131 insertions(+), 151 deletions(-)
 create mode 100644 data/history/2026-08-29T031701.469933+0000.json
To https://github.com/TheGhostOfAnawanna/solana-eco-report.git
   d5122e5..ebb894a  HEAD -> main
PUSH_OK 2026-08-29T03:17Z
pipeline: OK snapshot.json anomalies=2 snapshots_archived=26
[main a139eeb] auto-refresh snapshot 2026-08-29T09:17Z
 3 files changed, 125 insertions(+), 103 deletions(-)
 create mode 100644 data/history/2026-08-29T091701.257427+0000.json
To https://github.com/TheGhostOfAnawanna/solana-eco-report.git
   ebb894a..a139eeb  HEAD -> main
PUSH_OK 2026-08-29T09:17Z
pipeline: OK snapshot.json anomalies=2 snapshots_archived=27
[main e167867] auto-refresh snapshot 2026-08-29T15:17Z
 3 files changed, 93 insertions(+), 92 deletions(-)
 create mode 100644 data/history/2026-08-29T151701.617656+0000.json
To https://github.com/TheGhostOfAnawanna/solana-eco-report.git
   a139eeb..e167867  HEAD -> main
PUSH_OK 2026-08-29T15:17Z
pipeline: OK snapshot.json anomalies=2 snapshots_archived=28
[main 189b88c] auto-refresh snapshot 2026-08-29T21:17Z
 3 files changed, 91 insertions(+), 90 deletions(-)
 create mode 100644 data/history/2026-08-29T211701.649454+0000.json
To https://github.com/TheGhostOfAnawanna/solana-eco-report.git
   e167867..189b88c  HEAD -> main
PUSH_OK 2026-08-29T21:17Z
pipeline: OK snapshot.json anomalies=2 snapshots_archived=29
[main dfba282] auto-refresh snapshot 2026-08-30T03:17Z
 3 files changed, 105 insertions(+), 104 deletions(-)
 create mode 100644 data/history/2026-08-30T031701.348186+0000.json
To https://github.com/TheGhostOfAnawanna/solana-eco-report.git
   189b88c..dfba282  HEAD -> main
PUSH_OK 2026-08-30T03:17Z
pipeline: OK snapshot.json anomalies=2 snapshots_archived=30
[main 751584f] auto-refresh snapshot 2026-08-30T09:17Z
 3 files changed, 121 insertions(+), 120 deletions(-)
 create mode 100644 data/history/2026-08-30T091702.097955+0000.json
To https://github.com/TheGhostOfAnawanna/solana-eco-report.git
   dfba282..751584f  HEAD -> main
PUSH_OK 2026-08-30T09:17Z
pipeline: OK snapshot.json anomalies=2 snapshots_archived=31
[main c0eea38] auto-refresh snapshot 2026-08-30T15:17Z
 3 files changed, 91 insertions(+), 90 deletions(-)
 create mode 100644 data/history/2026-08-30T151701.309854+0000.json
To https://github.com/TheGhostOfAnawanna/solana-eco-report.git
   751584f..c0eea38  HEAD -> main
PUSH_OK 2026-08-30T15:17Z
pipeline: OK snapshot.json anomalies=2 snapshots_archived=37
[main dc925ba] auto-refresh snapshot 2026-08-30T21:17Z
 5 files changed, 90 insertions(+), 87 deletions(-)
 create mode 100644 data/history/2026-08-30T160846.084525+0000.json
 create mode 100644 data/history/2026-08-30T171700.198272+0000.json
 create mode 100644 data/history/2026-08-30T211702.020027+0000.json
To https://github.com/TheGhostOfAnawanna/solana-eco-report.git
   91c2d34..dc925ba  HEAD -> main
PUSH_OK 2026-08-30T21:17Z
